// Jest Snapshot v1, https://goo.gl/fbAQLP

exports[`Author renders correctly 1`] = `
<div>
  <p>
    Developer Relations Engineer, GraphQL at Postman
    <a
      href="https://www.twitter.com/#"
      rel="noopener noreferrer"
      target="_blank"
    >
      <strong>
        Meenakshi Dhanani
      </strong>
       on Twitter
    </a>
  </p>
</div>
`;
